<?xml version="1.0" encoding="UTF-8"?>
<TestRun id="beb578ab-9914-45d5-93be-600c821cdb32" name="user@USER-PC 2016-12-22 02:45:27" runUser="user-PC\user" xmlns="http://microsoft.com/schemas/VisualStudio/TeamTest/2010">
  <TestSettings name="Параметры тестирования по умолчанию" id="13c53a85-9369-4f08-aa86-3799c49a4272">
    <Deployment runDeploymentRoot="user_USER-PC 2016-12-22 02_45_27">
      <DeploymentItem filename="C:\IU7\Testing\Terminal\Terminal\SpecExplorer.Sample\bin\Debug\SpecExplorer.Sample.dll" />
    </Deployment>
    <Execution>
      <TestTypeSpecific />
      <AgentRule name="Execution Agents">
      </AgentRule>
    </Execution>
  </TestSettings>
  <Times creation="2016-12-22T02:45:27.5454199+03:00" queuing="2016-12-22T02:45:29.1935142+03:00" start="2016-12-22T02:45:29.2515175+03:00" finish="2016-12-22T02:46:51.3422128+03:00" />
  <ResultSummary outcome="Error">
    <Counters total="1" error="0" failed="0" timeout="0" aborted="0" inconclusive="0" passedButRunAborted="0" notRunnable="0" notExecuted="1" disconnected="0" warning="0" passed="0" completed="0" inProgress="0" pending="0" />
    <RunInfos>
      <RunInfo computerName="USER-PC" outcome="Error" timestamp="2016-12-22T02:46:51.3402127+03:00">
        <Text>Неожиданный выход из тестового хост-процесса.</Text>
      </RunInfo>
    </RunInfos>
  </ResultSummary>
  <TestDefinitions>
    <UnitTest name="ComPortTestSuiteS0" storage="c:\iu7\testing\terminal\terminal\specexplorer.testsuite\bin\debug\specexplorer.testsuite.dll" id="47f6b03a-abbd-ebed-4bc7-a0ba1c09acae">
      <Execution id="cba094cb-503c-4619-9d78-48ed80492075" />
      <TestMethod codeBase="C:/IU7/Testing/Terminal/Terminal/SpecExplorer.TestSuite/bin/Debug/SpecExplorer.TestSuite.DLL" adapterTypeName="Microsoft.VisualStudio.TestTools.TestTypes.Unit.UnitTestAdapter, Microsoft.VisualStudio.QualityTools.Tips.UnitTest.Adapter, Version=10.0.0.0, Culture=neutral, PublicKeyToken=b03f5f7f11d50a3a" className="SpecExplorer.TestSuite.ComPortTestSuite, SpecExplorer.TestSuite, Version=0.0.0.0, Culture=neutral, PublicKeyToken=null" name="ComPortTestSuiteS0" />
    </UnitTest>
  </TestDefinitions>
  <TestLists>
    <TestList name="Отсутствующие в списке результаты" id="8c84fa94-04c1-424b-9868-57a2d4851a1d" />
    <TestList name="Все загруженные результаты" id="19431567-8539-422a-85d7-44ee4e166bda" />
  </TestLists>
  <TestEntries>
    <TestEntry testId="47f6b03a-abbd-ebed-4bc7-a0ba1c09acae" executionId="cba094cb-503c-4619-9d78-48ed80492075" testListId="8c84fa94-04c1-424b-9868-57a2d4851a1d" />
  </TestEntries>
  <Results>
    <UnitTestResult executionId="cba094cb-503c-4619-9d78-48ed80492075" testId="47f6b03a-abbd-ebed-4bc7-a0ba1c09acae" testName="ComPortTestSuiteS0" computerName="USER-PC" testType="13cdc9d9-ddb5-4fa4-a97d-d965ccfc6d4b" outcome="NotExecuted" testListId="8c84fa94-04c1-424b-9868-57a2d4851a1d" relativeResultsDirectory="cba094cb-503c-4619-9d78-48ed80492075">
    </UnitTestResult>
  </Results>
</TestRun>